抓取 arbeitnow…
  拿到 3080 条
抓取公司 ATS…
  [OK] Konux (greenhouse)
  [OK] Isar Aerospace (greenhouse)
  [OK] Brainlab (smartrecruiters)
  [OK] ProGlove (personio)
  [OK] Steadforce (personio)
  [OK] Webasto (personio)
  [OK] Airbus (workday)
  [OK] Knorr-Bremse (successfactors)
  [OK] Robert Bosch (smartrecruiters)
  [OK] Continental / Aumovio (smartrecruiters)
  [OK] Infineon (Neubiberg) (successfactors)
  [OK] Infineon (München) (successfactors)
  [OK] SAP (successfactors)
  [OK] Intel (workday)
  [OK] NVIDIA (workday)
  [OK] Salesforce (workday)
  [OK] Adobe (workday)
  [OK] Micron (workday)
  [OK] AMD (phenom)
  [OK] Cloudflare (greenhouse)
  [OK] Palantir (lever)
  [OK] Okta (greenhouse)
  [OK] Twilio (greenhouse)
  [OK] GitLab (greenhouse)
  [OK] Thoughtworks (greenhouse)
  [OK] Celonis (greenhouse)
  [OK] Helsing (greenhouse)
  [OK] IDnow (greenhouse)
  [OK] Contabo (personio)
  [OK] QAware (personio)
  [OK] MaibornWolff (personio)
  [OK] Quantum Systems (personio)
  [OK] tado (personio)
  [OK] Freeletics (personio)
  [OK] Westwing (personio)
  [OK] FINN (personio)
  [OK] NavVis (personio)
  [OK] TWAICE (personio)
  [OK] Blickfeld (personio)
  [OK] Magazino (personio)
  [OK] HolidayCheck (personio)
  [OK] TNG Technology Consulting (personio)
  [OK] Flix (smartrecruiters)
  拿到 2842 条
丢弃过期职位 1 条(发布超过 365 天)

过滤后 81 / 5922 条符合关键词+地点

★ 新职位 9 条
  · Scrum Master / Delivery Enabler (m/w/d) - KI-gestützte Softw — Maibornwolff
  · Junior Backend Developer, C# .Net - Paris — shifttechnology
  · Graduate Human-Centric AI Engineer (2027 start) — Cambridgeconsultantslimited
  · Graduate Electronics & Software Engineer (2027 start) — Cambridgeconsultantslimited
  · Graduate Cloud Software Engineer (2027 start) — Cambridgeconsultantslimited
  · Graduate AI Engineer (2027 start) — Cambridgeconsultantslimited
  · Fullstack Software Engineer (m/w/d) — Rhein Nadel Automation Gmbh
  · Software Engineer (all genders) — Raysono
  · Full-Stack Software Engineer (m/f/d) — TWAICE

报告已生成: /home/runner/work/jobwatch_IT_Munich/jobwatch_IT_Munich/digest.html
